-104.547470
-104.547646
-104.548041
-104.548575
-104.549182
-104.549773
-104.549891
-104.550640
-104.551272
-104.551452
-104.551288
-104.550756
-104.550176
-104.549917
-104.549265
-104.548728
-104.548121
-104.547998
-104.548278
-104.548870
-104.549616
