-104.956194
-104.956568
-104.956941
-104.957075
-104.957599
-104.958089
-104.958962
-104.959417
-104.959473
-104.959763
-104.959922
-104.959637
-104.959152
-104.958563
-104.957889
-104.957313
-104.956934
-104.956837
-104.957037
-104.957511
-104.958149
