-104.687721
-104.687853
-104.688220
-104.688718
-104.689300
-104.689867
-104.689969
-104.690662
-104.691272
-104.691446
-104.688118
-104.689465
-104.690562
-104.690757
-104.689894
-104.688355
-104.686907
-104.686290
-104.686851
-104.688368
-104.690159
