-104.687655
-104.687851
-104.688220
-104.688719
-104.689302
-104.689869
-104.689971
-104.690660
-104.691270
-104.691444
-104.691290
-104.690546
-104.690263
-104.690036
-104.689420
-104.688949
-104.688288
-104.688166
-104.688415
-104.688982
-104.689704
