   0.0 
  -54.937138 
  -55.969434 
  -56.160764 
  -56.222253 
  -56.237043 
  -56.244978 
  -56.247276 
  -56.248725 
  -56.250067 
  -56.250926 
  -56.251711 
  -56.252094 
  -56.252667 
  -56.253293 
  -56.253812 
  -56.254113 
